EN seven_seg_decoder NULL C:/Users/CS152B/final_group_4/gyro_bluetooth/seven_seg_decoder.vhd sub00/vhpl14 1488930950
AR spi_interface behavioral C:/Users/CS152B/final_group_4/gyro_bluetooth/spi_interface.vhd sub00/vhpl25 1488930967
EN anode_decoder NULL C:/Users/CS152B/final_group_4/gyro_bluetooth/anode_decoder.vhd sub00/vhpl12 1488930948
AR pmodgyro_demo behavioral C:/Users/CS152B/final_group_4/gyro_bluetooth/PmodGYRO_Demo.vhd sub00/vhpl29 1488930971
EN data_controller NULL C:/Users/CS152B/final_group_4/gyro_bluetooth/data_controller.vhd sub00/vhpl08 1488930944
EN digit_select NULL C:/Users/CS152B/final_group_4/gyro_bluetooth/digit_select.vhd sub00/vhpl18 1488930954
AR digit_select behavioral C:/Users/CS152B/final_group_4/gyro_bluetooth/digit_select.vhd sub00/vhpl19 1488930955
AR master_interface behavioral C:/Users/CS152B/final_group_4/gyro_bluetooth/master_interface.vhd sub00/vhpl07 1488930965
AR decimal_select behavioral C:/Users/CS152B/final_group_4/gyro_bluetooth/decimal_select.vhd sub00/vhpl21 1488930957
EN display_controller NULL C:/Users/CS152B/final_group_4/gyro_bluetooth/display_controller.vhd sub00/vhpl26 1488930968
AR display_clk behavioral C:/Users/CS152B/final_group_4/gyro_bluetooth/display_clk.vhd sub00/vhpl11 1488930947
AR data_controller behavioral C:/Users/CS152B/final_group_4/gyro_bluetooth/data_controller.vhd sub00/vhpl09 1488930945
EN uart_tx_ctrl NULL C:/Users/CS152B/final_group_4/gyro_bluetooth/UART_TX_CTRL.vhd sub00/vhpl02 1488930962
EN display_clk NULL C:/Users/CS152B/final_group_4/gyro_bluetooth/display_clk.vhd sub00/vhpl10 1488930946
EN btn_debounce NULL C:/Users/CS152B/final_group_4/gyro_bluetooth/btn_debounce.vhd sub00/vhpl00 1488930960
AR uart_tx_ctrl behavioral C:/Users/CS152B/final_group_4/gyro_bluetooth/UART_TX_CTRL.vhd sub00/vhpl03 1488930963
EN master_interface NULL C:/Users/CS152B/final_group_4/gyro_bluetooth/master_interface.vhd sub00/vhpl06 1488930964
EN spi_interface NULL C:/Users/CS152B/final_group_4/gyro_bluetooth/spi_interface.vhd sub00/vhpl24 1488930966
EN data_select NULL C:/Users/CS152B/final_group_4/gyro_bluetooth/data_select.vhd sub00/vhpl22 1488930958
EN two_bit_counter NULL C:/Users/CS152B/final_group_4/gyro_bluetooth/two_bit_counter.vhd sub00/vhpl16 1488930952
EN pmodgyro_demo NULL C:/Users/CS152B/final_group_4/gyro_bluetooth/PmodGYRO_Demo.vhd sub00/vhpl28 1488930970
AR anode_decoder behavioral C:/Users/CS152B/final_group_4/gyro_bluetooth/anode_decoder.vhd sub00/vhpl13 1488930949
AR data_select behavioral C:/Users/CS152B/final_group_4/gyro_bluetooth/data_select.vhd sub00/vhpl23 1488930959
AR seven_seg_decoder behavioral C:/Users/CS152B/final_group_4/gyro_bluetooth/seven_seg_decoder.vhd sub00/vhpl15 1488930951
AR btn_debounce behavioral C:/Users/CS152B/final_group_4/gyro_bluetooth/btn_debounce.vhd sub00/vhpl01 1488930961
EN gpio_demo NULL C:/Users/CS152B/final_group_4/gyro_bluetooth/GPIO_demo.vhd sub00/vhpl04 1488930972
AR gpio_demo behavioral C:/Users/CS152B/final_group_4/gyro_bluetooth/GPIO_demo.vhd sub00/vhpl05 1488930973
AR two_bit_counter behavioral C:/Users/CS152B/final_group_4/gyro_bluetooth/two_bit_counter.vhd sub00/vhpl17 1488930953
EN transmit_controller NULL C:/Users/CS152B/final_group_4/gyro_bluetooth/transmit_controller.vhd sub00/vhpl30 1488930974
EN decimal_select NULL C:/Users/CS152B/final_group_4/gyro_bluetooth/decimal_select.vhd sub00/vhpl20 1488930956
AR display_controller behavioral C:/Users/CS152B/final_group_4/gyro_bluetooth/display_controller.vhd sub00/vhpl27 1488930969
AR transmit_controller behavioral C:/Users/CS152B/final_group_4/gyro_bluetooth/transmit_controller.vhd sub00/vhpl31 1488930975
